]0;/home/torkildl/Downloads/bACEian]0;torkildl@xps: ~/Downloads/bACEian[01;32mtorkildl@xps[00m:[01;34m~/Downloads/bACEian[00m$ [K]0;torkildl@xps: ~/Downloads/bACEian[01;32mtorkildl@xps[00m:[01;34m~/Downloads/bACEian[00m$ git init
Initialized empty Git repository in /home/torkildl/Downloads/bACEian/.git/
]0;/home/torkildl/Downloads/bACEian]0;torkildl@xps: ~/Downloads/bACEian[01;32mtorkildl@xps[00m:[01;34m~/Downloads/bACEian[00m$ git remote [K[K[K[K[K[K[Kadd remote origin master
fatal: pathspec 'remote' did not match any files
]0;/home/torkildl/Downloads/bACEian]0;torkildl@xps: ~/Downloads/bACEian[01;32mtorkildl@xps[00m:[01;34m~/Downloads/bACEian[00m$ git add remote origin master[C[K[K[K[K[K[K[K[K[K[K[K[K[K[K[K[K[K[K[K[K[K[K[K[K[K[K[Kit add remote [K[K[K[K[K[K[K[K[K[K[Kremote add origin https://githun.c[K[Kb.[K[K[Kb.com/torkildl/bACEian.git
]0;/home/torkildl/Downloads/bACEian]0;torkildl@xps: ~/Downloads/bACEian[01;32mtorkildl@xps[00m:[01;34m~/Downloads/bACEian[00m$ git add .
]0;/home/torkildl/Downloads/bACEian]0;torkildl@xps: ~/Downloads/bACEian[01;32mtorkildl@xps[00m:[01;34m~/Downloads/bACEian[00m$ git remove -v
git: 'remove' is not a git command. See 'git --help'.

The most similar command is
	remote
]0;/home/torkildl/Downloads/bACEian]0;torkildl@xps: ~/Downloads/bACEian[01;32mtorkildl@xps[00m:[01;34m~/Downloads/bACEian[00m$ git remove -v[1P[1@t
origin	https://github.com/torkildl/bACEian.git (fetch)
origin	https://github.com/torkildl/bACEian.git (push)
]0;/home/torkildl/Downloads/bACEian]0;torkildl@xps: ~/Downloads/bACEian[01;32mtorkildl@xps[00m:[01;34m~/Downloads/bACEian[00m$ git push 
fatal: The current branch master has no upstream branch.
To push the current branch and set the remote as upstream, use

    git push --set-upstream origin master

]0;/home/torkildl/Downloads/bACEian]0;torkildl@xps: ~/Downloads/bACEian[01;32mtorkildl@xps[00m:[01;34m~/Downloads/bACEian[00m$ git push origin master
error: src refspec master does not match any.
error: failed to push some refs to 'https://github.com/torkildl/bACEian.git'
]0;/home/torkildl/Downloads/bACEian]0;torkildl@xps: ~/Downloads/bACEian[01;32mtorkildl@xps[00m:[01;34m~/Downloads/bACEian[00m$ git [K[K[K[Kls
ACE.gv  bACEian.Rproj  fit.R  [0m[01;35mhistograms.png[0m  model.stan  simtwins.csv  sim_twins.txt
]0;/home/torkildl/Downloads/bACEian]0;torkildl@xps: ~/Downloads/bACEian[01;32mtorkildl@xps[00m:[01;34m~/Downloads/bACEian[00m$ eog  histograms.png 
]0;/home/torkildl/Downloads/bACEian]0;torkildl@xps: ~/Downloads/bACEian[01;32mtorkildl@xps[00m:[01;34m~/Downloads/bACEian[00m$ rm sim_twins.txt 
]0;/home/torkildl/Downloads/bACEian]0;torkildl@xps: ~/Downloads/bACEian[01;32mtorkildl@xps[00m:[01;34m~/Downloads/bACEian[00m$ ls
ACE.gv  bACEian.Rproj  fit.R  [0m[01;35mhistograms.png[0m  model.stan  simtwins.csv
]0;/home/torkildl/Downloads/bACEian]0;torkildl@xps: ~/Downloads/bACEian[01;32mtorkildl@xps[00m:[01;34m~/Downloads/bACEian[00m$ rm ACE.gv 
]0;/home/torkildl/Downloads/bACEian]0;torkildl@xps: ~/Downloads/bACEian[01;32mtorkildl@xps[00m:[01;34m~/Downloads/bACEian[00m$ ls
bACEian.Rproj  fit.R  [0m[01;35mhistograms.png[0m  model.stan  simtwins.csv
]0;/home/torkildl/Downloads/bACEian]0;torkildl@xps: ~/Downloads/bACEian[01;32mtorkildl@xps[00m:[01;34m~/Downloads/bACEian[00m$ more model.stan 
data {

	int <lower=0> n_obs;    // number of observations
	int <lower=0> n_fam;    // number of families
	int <lower=0> n_famtw;  // number of nested twins in families
	
	real y[n_obs];    // responses
	int mz[n_obs];    // mz dummy
	int dz[n_obs];    // dz dummy
	int fam[n_obs];   // family indicator (1:nfam)
	int famtw[n_obs]; // nested twin indicator (1:nfamtw)
	
}

transformed data {
  
  real z1[n_obs];
  real z2[n_obs];
[7m--More--(30%)[27m  [K
  // compute weights
  for(i in 1:n_obs) {
      z1[i] = sqrt(.5)*dz[i];
      z2[i] = mz[i] + sqrt(.5)*dz[i];
  }
  
}

parameters {
	
	// mean
	real mu;
	
	// "random-effects" sd
	real<lower=0> a; 
	real<lower=0> c; 
	real<lower=0> e; 
[7m--More--(47%)[27m[K	
	// "random effects"
	vector[n_famtw] a_unique;
	vector[n_fam] a_shared;
	vector[n_fam] c_shared;
	
}

transformed parameters {

	vector[n_obs] yhat;

  // predicted responses
	for(i in 1:n_obs) {
		yhat[i] = mu + a_unique[ famtw[i] ]*z1[i] + a_shared[ fam[i] ]*z2[i] + c_shared[ fam[i] ];
	}
	
}
[7m--More--(68%)[27m[K
model {

	// prior distributions
	mu ~ normal(0, 5);
	a_unique ~ normal(0, a);
	a_shared ~ normal(0, a);
	c_shared ~ normal(0, c);

	// likelihood
	y ~ normal(yhat, e);
	
}

generated quantities {

	real A;
	real C;
[7m--More--(84%)[27m[K	real E;
	real V;
	real Asd;
	real Csd;
	real Esd;

	// variances
	A = a^2; 
	C = c^2;
	E = e^2;
	V = A + C + E;
	
	// standardized variance components
	Asd = A / V; // narrow-sense heritability
	Csd = C / V;
	Esd = E / V;

}
]0;/home/torkildl/Downloads/bACEian]0;torkildl@xps: ~/Downloads/bACEian[01;32mtorkildl@xps[00m:[01;34m~/Downloads/bACEian[00m$   [K[Kls
bACEian.Rproj  fit.R  [0m[01;35mhistograms.png[0m  model.stan  simtwins.csv
]0;/home/torkildl/Downloads/bACEian]0;torkildl@xps: ~/Downloads/bACEian[01;32mtorkildl@xps[00m:[01;34m~/Downloads/bACEian[00m$ git pulll[K[Ktar zcvf  [K [K/home/torkildl/blurb.tar [C[C[C[1P [1P g z [C . 
./
./simtwins.csv
./model.stan
./bACEian.Rproj
./fit.R
./.Rproj.user/
./.Rproj.user/shared/
./.Rproj.user/shared/notebooks/
./.Rproj.user/shared/notebooks/patch-chunk-names
./.Rproj.user/shared/notebooks/paths
./.Rproj.user/F40D7C60/
./.Rproj.user/F40D7C60/presentation/
./.Rproj.user/F40D7C60/rmd-outputs
./.Rproj.user/F40D7C60/explorer-cache/
./.Rproj.user/F40D7C60/ctx/
./.Rproj.user/F40D7C60/console06/
./.Rproj.user/F40D7C60/console06/3A2CAEE1.env
./.Rproj.user/F40D7C60/console06/3A2CAEE1
./.Rproj.user/F40D7C60/console06/INDEX001
./.Rproj.user/F40D7C60/pcs/
./.Rproj.user/F40D7C60/pcs/source-pane.pper
./.Rproj.user/F40D7C60/pcs/workbench-pane.pper
./.Rproj.user/F40D7C60/pcs/windowlayoutstate.pper
./.Rproj.user/F40D7C60/saved_source_markers
./.Rproj.user/F40D7C60/profiles-cache/
./.Rproj.user/F40D7C60/viewer-cache/
./.Rproj.user/F40D7C60/sources/
./.Rproj.user/F40D7C60/sources/s-B599F0EC/
./.Rproj.user/F40D7C60/sources/s-B599F0EC/E704EB2D-contents
./.Rproj.user/F40D7C60/sources/s-B599F0EC/lock_file
./.Rproj.user/F40D7C60/sources/s-B599F0EC/E704EB2D
./.Rproj.user/F40D7C60/sources/s-B599F0EC/6109438-contents
./.Rproj.user/F40D7C60/sources/prop/
./.Rproj.user/F40D7C60/sources/prop/INDEX
./.Rproj.user/F40D7C60/sources/prop/3E618F79
./.Rproj.user/F40D7C60/sources/prop/92A42E66
./.Rproj.user/F40D7C60/sources/prop/CC278671
./.Rproj.user/F40D7C60/sources/per/
./.Rproj.user/F40D7C60/sources/per/u/
./.Rproj.user/F40D7C60/sources/per/t/
./.git/
./.git/branches/
./.git/description
./.git/config
./.git/info/
./.git/info/exclude
./.git/HEAD
./.git/hooks/
./.git/hooks/prepare-commit-msg.sample
./.git/hooks/applypatch-msg.sample
./.git/hooks/pre-push.sample
./.git/hooks/update.sample
./.git/hooks/fsmonitor-watchman.sample
./.git/hooks/pre-applypatch.sample
./.git/hooks/post-update.sample
./.git/hooks/pre-commit.sample
./.git/hooks/pre-rebase.sample
./.git/hooks/pre-receive.sample
./.git/hooks/commit-msg.sample
./.git/refs/
./.git/refs/heads/
./.git/refs/tags/
./.git/index
./.git/objects/
./.git/objects/9e/
./.git/objects/9e/fb51b8a1909bd877dd72ae8a1c4625f8307e36
./.git/objects/3f/
./.git/objects/3f/2ff2d6cc8f257ffcade7ead1ca4042c0e884b9
./.git/objects/b9/
./.git/objects/b9/f6ddd6562795b63a7130b802611c117423cf23
./.git/objects/8e/
./.git/objects/8e/3c2ebc99e2e337f7d69948b93529a437590b27
./.git/objects/pack/
./.git/objects/e6/
./.git/objects/e6/9de29bb2d1d6434b8b29ae775ad8c2e48c5391
./.git/objects/ad/
./.git/objects/ad/7f938aedcd6bce947f485b27a440a31a46eeea
./.git/objects/2b/
./.git/objects/2b/1bef112ac6921abda6162a65dbfcd8c6d55c80
./.git/objects/1c/
./.git/objects/1c/b6f32bf4511a38f7ff0fd1fe85a1ce050a1156
./.git/objects/1c/c43b4f6c6818af29475fab937e9d2bb51f04c9
./.git/objects/info/
./.git/objects/5c/
./.git/objects/5c/e16b4d5fb6d78424a81afd9630235ab4b223a1
./.git/objects/c9/
./.git/objects/c9/25790e77b2bfc7aa10753e021f135374fb0e03
./.git/objects/ac/
./.git/objects/ac/71729814f7d08a4380fcd590b7921d791dcb84
./.git/objects/2f/
./.git/objects/2f/a3adae65d05025ecd1ff08f2cc8b8decdc7560
./.git/objects/1d/
./.git/objects/1d/d808bb69ad9a17c7295ffac2daee4709b86042
./.git/objects/6d/
./.git/objects/6d/c0fcef4b8f7fa17c95bd2ffb6fb9377e0b246c
./.git/objects/10/
./.git/objects/10/82e0864119f27b9f6db1fde450bfbdc9ed0dd3
./.git/objects/c3/
./.git/objects/c3/db8426378e072a9072edad0d442c71a47b3332
./.git/objects/cd/
./.git/objects/cd/1c87e7dd94a8437367a6f1aa1d24abf2e6339d
./.git/objects/7c/
./.git/objects/7c/24819ec82d3273cbf67ff193b83ae93dc6a2aa
./.git/objects/56/
./.git/objects/56/916969645563f3f00955f4031f298d14028895
./.git/objects/8c/
./.git/objects/8c/956c6afa77d628b85a92c7aa5f5e409ed7603d
./histograms.png
]0;/home/torkildl/Downloads/bACEian]0;torkildl@xps: ~/Downloads/bACEian[01;32mtorkildl@xps[00m:[01;34m~/Downloads/bACEian[00m$ git pull
remote: Enumerating objects: 3, done.[K
remote: Counting objects:  33% (1/3)   [Kremote: Counting objects:  66% (2/3)   [Kremote: Counting objects: 100% (3/3)   [Kremote: Counting objects: 100% (3/3), done.[K
remote: Compressing objects:  50% (1/2)   [Kremote: Compressing objects: 100% (2/2)   [Kremote: Compressing objects: 100% (2/2), done.[K
remote: Total 3 (delta 0), reused 0 (delta 0), pack-reused 0[K
Unpacking objects:  33% (1/3)   Unpacking objects:  66% (2/3)   Unpacking objects: 100% (3/3)   Unpacking objects: 100% (3/3), done.
From https://github.com/torkildl/bACEian
 * [new branch]      master     -> origin/master
There is no tracking information for the current branch.
Please specify which branch you want to merge with.
See git-pull(1) for details.

    git pull <remote> <branch>

If you wish to set tracking information for this branch you can do so with:

    git branch --set-upstream-to=origin/<branch> master

]0;/home/torkildl/Downloads/bACEian]0;torkildl@xps: ~/Downloads/bACEian[01;32mtorkildl@xps[00m:[01;34m~/Downloads/bACEian[00m$ git pull[K[K[K[Kremote 
origin
]0;/home/torkildl/Downloads/bACEian]0;torkildl@xps: ~/Downloads/bACEian[01;32mtorkildl@xps[00m:[01;34m~/Downloads/bACEian[00m$ git remote [K[K[K[K[K[K[Kpull[K[K[K[Kpush[K[K[K[Kpull [Kls
bACEian.Rproj  fit.R  [0m[01;35mhistograms.png[0m  model.stan  simtwins.csv
]0;/home/torkildl/Downloads/bACEian]0;torkildl@xps: ~/Downloads/bACEian[01;32mtorkildl@xps[00m:[01;34m~/Downloads/bACEian[00m$ git pull
There is no tracking information for the current branch.
Please specify which branch you want to merge with.
See git-pull(1) for details.

    git pull <remote> <branch>

If you wish to set tracking information for this branch you can do so with:

    git branch --set-upstream-to=origin/<branch> master

]0;/home/torkildl/Downloads/bACEian]0;torkildl@xps: ~/Downloads/bACEian[01;32mtorkildl@xps[00m:[01;34m~/Downloads/bACEian[00m$ git pull http:&&[K[K//github.com/torkilld/[K[K[K[Kldl/bACEian.git
warning: redirecting to https://github.com/torkildl/bACEian.git/
From http://github.com/torkildl/bACEian
 * branch            HEAD       -> FETCH_HEAD
]0;/home/torkildl/Downloads/bACEian]0;torkildl@xps: ~/Downloads/bACEian[01;32mtorkildl@xps[00m:[01;34m~/Downloads/bACEian[00m$ find[K[K[K[Kls
bACEian.Rproj  fit.R  [0m[01;35mhistograms.png[0m  model.stan  README.md  simtwins.csv
]0;/home/torkildl/Downloads/bACEian]0;torkildl@xps: ~/Downloads/bACEian[01;32mtorkildl@xps[00m:[01;34m~/Downloads/bACEian[00m$ ls
bACEian.Rproj  fit.R  [0m[01;35mhistograms.png[0m  model.stan  README.md  simtwins.csv
]0;/home/torkildl/Downloads/bACEian]0;torkildl@xps: ~/Downloads/bACEian[01;32mtorkildl@xps[00m:[01;34m~/Downloads/bACEian[00m$ git add .
]0;/home/torkildl/Downloads/bACEian]0;torkildl@xps: ~/Downloads/bACEian[01;32mtorkildl@xps[00m:[01;34m~/Downloads/bACEian[00m$ git status
On branch master
Changes to be committed:
  (use "git reset HEAD <file>..." to unstage)

	[32mnew file:   .Rproj.user/F40D7C60/console06/3A2CAEE1[m
	[32mnew file:   .Rproj.user/F40D7C60/console06/3A2CAEE1.env[m
	[32mnew file:   .Rproj.user/F40D7C60/console06/INDEX001[m
	[32mnew file:   .Rproj.user/F40D7C60/pcs/source-pane.pper[m
	[32mnew file:   .Rproj.user/F40D7C60/pcs/windowlayoutstate.pper[m
	[32mnew file:   .Rproj.user/F40D7C60/pcs/workbench-pane.pper[m
	[32mnew file:   .Rproj.user/F40D7C60/rmd-outputs[m
	[32mnew file:   .Rproj.user/F40D7C60/saved_source_markers[m
	[32mnew file:   .Rproj.user/F40D7C60/sources/prop/1D3991C1[m
	[32mnew file:   .Rproj.user/F40D7C60/sources/prop/3E618F79[m
	[32mnew file:   .Rproj.user/F40D7C60/sources/prop/92A42E66[m
	[32mnew file:   .Rproj.user/F40D7C60/sources/prop/CC278671[m
	[32mnew file:   .Rproj.user/F40D7C60/sources/prop/INDEX[m
	[32mnew file:   .Rproj.user/F40D7C60/sources/s-B599F0EC/1F054B76-contents[m
	[32mnew file:   .Rproj.user/F40D7C60/sources/s-B599F0EC/2F9D3913-contents[m
	[32mnew file:   .Rproj.user/F40D7C60/sources/s-B599F0EC/6109438-contents[m
	[32mnew file:   .Rproj.user/F40D7C60/sources/s-B599F0EC/E704EB2D[m
	[32mnew file:   .Rproj.user/F40D7C60/sources/s-B599F0EC/E704EB2D-contents[m
	[32mnew file:   .Rproj.user/F40D7C60/sources/s-B599F0EC/lock_file[m
	[32mnew file:   .Rproj.user/shared/notebooks/patch-chunk-names[m
	[32mnew file:   .Rproj.user/shared/notebooks/paths[m
	[32mmodified:   README.md[m
	[32mnew file:   bACEian.Rproj[m
	[32mnew file:   fit.R[m
	[32mnew file:   histograms.png[m
	[32mnew file:   model.stan[m
	[32mnew file:   simtwins.csv[m

Changes not staged for commit:
  (use "git add <file>..." to update what will be committed)
  (use "git checkout -- <file>..." to discard changes in working directory)

	[31mmodified:   .Rproj.user/F40D7C60/console06/3A2CAEE1[m

]0;/home/torkildl/Downloads/bACEian]0;torkildl@xps: ~/Downloads/bACEian[01;32mtorkildl@xps[00m:[01;34m~/Downloads/bACEian[00m$ git commit -m "Initial commit"
[master 5540869] Initial commit
 27 files changed, 2801 insertions(+), 2 deletions(-)
 create mode 100644 .Rproj.user/F40D7C60/console06/3A2CAEE1
 create mode 100644 .Rproj.user/F40D7C60/console06/3A2CAEE1.env
 create mode 100644 .Rproj.user/F40D7C60/console06/INDEX001
 create mode 100644 .Rproj.user/F40D7C60/pcs/source-pane.pper
 create mode 100644 .Rproj.user/F40D7C60/pcs/windowlayoutstate.pper
 create mode 100644 .Rproj.user/F40D7C60/pcs/workbench-pane.pper
 create mode 100644 .Rproj.user/F40D7C60/rmd-outputs
 create mode 100644 .Rproj.user/F40D7C60/saved_source_markers
 create mode 100644 .Rproj.user/F40D7C60/sources/prop/1D3991C1
 create mode 100644 .Rproj.user/F40D7C60/sources/prop/3E618F79
 create mode 100644 .Rproj.user/F40D7C60/sources/prop/92A42E66
 create mode 100644 .Rproj.user/F40D7C60/sources/prop/CC278671
 create mode 100644 .Rproj.user/F40D7C60/sources/prop/INDEX
 create mode 100644 .Rproj.user/F40D7C60/sources/s-B599F0EC/1F054B76-contents
 create mode 100644 .Rproj.user/F40D7C60/sources/s-B599F0EC/2F9D3913-contents
 create mode 100644 .Rproj.user/F40D7C60/sources/s-B599F0EC/6109438-contents
 create mode 100644 .Rproj.user/F40D7C60/sources/s-B599F0EC/E704EB2D
 create mode 100644 .Rproj.user/F40D7C60/sources/s-B599F0EC/E704EB2D-contents
 create mode 100644 .Rproj.user/F40D7C60/sources/s-B599F0EC/lock_file
 create mode 100644 .Rproj.user/shared/notebooks/patch-chunk-names
 create mode 100644 .Rproj.user/shared/notebooks/paths
 rewrite README.md (85%)
 create mode 100644 bACEian.Rproj
 create mode 100644 fit.R
 create mode 100644 histograms.png
 create mode 100644 model.stan
 create mode 100644 simtwins.csv
]0;/home/torkildl/Downloads/bACEian]0;torkildl@xps: ~/Downloads/bACEian[01;32mtorkildl@xps[00m:[01;34m~/Downloads/bACEian[00m$ git push orih[Kgin master
Username for 'https://github.com': torkildl@ 
Password for 'https://torkildl@github.com': 
Counting objects: 35, done.
Delta compression using up to 8 threads.
Compressing objects:   3% (1/29)   Compressing objects:   6% (2/29)   Compressing objects:  10% (3/29)   Compressing objects:  13% (4/29)   Compressing objects:  17% (5/29)   Compressing objects:  20% (6/29)   Compressing objects:  24% (7/29)   Compressing objects:  27% (8/29)   Compressing objects:  31% (9/29)   Compressing objects:  34% (10/29)   Compressing objects:  37% (11/29)   Compressing objects:  41% (12/29)   Compressing objects:  44% (13/29)   Compressing objects:  48% (14/29)   Compressing objects:  51% (15/29)   Compressing objects:  55% (16/29)   Compressing objects:  58% (17/29)   Compressing objects:  62% (18/29)   Compressing objects:  65% (19/29)   Compressing objects:  68% (20/29)   Compressing objects:  72% (21/29)   Compressing objects:  75% (22/29)   Compressing objects:  79% (23/29)   Compressing objects:  82% (24/29)   Compressing objects:  86% (25/29)   Compressing objects:  89% (26/29)   Compressing objects:  93% (27/29)   Compressing objects:  96% (28/29)   Compressing objects: 100% (29/29)   Compressing objects: 100% (29/29), done.
Writing objects:   2% (1/35)   Writing objects:   5% (2/35)   Writing objects:   8% (3/35)   Writing objects:  11% (4/35)   Writing objects:  14% (5/35)   Writing objects:  17% (6/35)   Writing objects:  20% (7/35)   Writing objects:  22% (8/35)   Writing objects:  25% (9/35)   Writing objects:  28% (10/35)   Writing objects:  31% (11/35)   Writing objects:  34% (12/35)   Writing objects:  37% (13/35)   Writing objects:  40% (14/35)   Writing objects:  42% (15/35)   Writing objects:  45% (16/35)   Writing objects:  48% (17/35)   Writing objects:  51% (18/35)   Writing objects:  54% (19/35)   Writing objects:  57% (20/35)   Writing objects:  60% (21/35)   Writing objects:  62% (22/35)   Writing objects:  65% (23/35)   Writing objects:  68% (24/35)   Writing objects:  71% (25/35)   Writing objects:  74% (26/35)   Writing objects:  77% (27/35)   Writing objects:  80% (28/35)   Writing objects:  82% (29/35)   Writing objects:  85% (30/35)   Writing objects:  88% (31/35)   Writing objects:  91% (32/35)   Writing objects:  94% (33/35)   Writing objects:  97% (34/35)   Writing objects: 100% (35/35)   Writing objects: 100% (35/35), 55.88 KiB | 6.98 MiB/s, done.
Total 35 (delta 1), reused 0 (delta 0)
remote: Resolving deltas:   0% (0/1)   [Kremote: Resolving deltas: 100% (1/1)   [Kremote: Resolving deltas: 100% (1/1), done.[K
To https://github.com/torkildl/bACEian.git
   82cb346..5540869  master -> master
ls -l[K[K[K[K[Kgit ad [Kd .
]0;/home/torkildl/Downloads/bACEian]0;torkildl@xps: ~/Downloads/bACEian[01;32mtorkildl@xps[00m:[01;34m~/Downloads/bACEian[00m$ git status
On branch master
Changes to be committed:
  (use "git reset HEAD <file>..." to unstage)

	[32mmodified:   .Rproj.user/F40D7C60/console06/3A2CAEE1[m
	[32mmodified:   .Rproj.user/F40D7C60/console06/INDEX001[m
	[32mmodified:   .Rproj.user/F40D7C60/sources/prop/3E618F79[m
	[32mdeleted:    .Rproj.user/F40D7C60/sources/s-B599F0EC/1F054B76-contents[m
	[32mdeleted:    .Rproj.user/F40D7C60/sources/s-B599F0EC/2F9D3913-contents[m
	[32mdeleted:    .Rproj.user/F40D7C60/sources/s-B599F0EC/6109438-contents[m
	[32mdeleted:    .Rproj.user/F40D7C60/sources/s-B599F0EC/E704EB2D[m
	[32mdeleted:    .Rproj.user/F40D7C60/sources/s-B599F0EC/E704EB2D-contents[m
	[32mdeleted:    .Rproj.user/F40D7C60/sources/s-B599F0EC/lock_file[m
	[32mnew file:   .gitignore[m
	[32mnew file:   acscatter.png[m
	[32mmodified:   fit.R[m
	[32mmodified:   histograms.png[m

Changes not staged for commit:
  (use "git add <file>..." to update what will be committed)
  (use "git checkout -- <file>..." to discard changes in working directory)

	[31mmodified:   .Rproj.user/F40D7C60/console06/3A2CAEE1[m

]0;/home/torkildl/Downloads/bACEian]0;torkildl@xps: ~/Downloads/bACEian[01;32mtorkildl@xps[00m:[01;34m~/Downloads/bACEian[00m$ git comi[Kmit -m "Added som[K[K[Kanotger plot[K[K[K[K[K[K[K[Kher plot"
[master 92011c8] Added another plot
 13 files changed, 97 insertions(+), 148 deletions(-)
 rewrite .Rproj.user/F40D7C60/console06/INDEX001 (100%)
 delete mode 100644 .Rproj.user/F40D7C60/sources/s-B599F0EC/1F054B76-contents
 delete mode 100644 .Rproj.user/F40D7C60/sources/s-B599F0EC/2F9D3913-contents
 delete mode 100644 .Rproj.user/F40D7C60/sources/s-B599F0EC/6109438-contents
 delete mode 100644 .Rproj.user/F40D7C60/sources/s-B599F0EC/E704EB2D
 delete mode 100644 .Rproj.user/F40D7C60/sources/s-B599F0EC/E704EB2D-contents
 delete mode 100644 .Rproj.user/F40D7C60/sources/s-B599F0EC/lock_file
 create mode 100644 .gitignore
 create mode 100644 acscatter.png
 rewrite histograms.png (99%)
]0;/home/torkildl/Downloads/bACEian]0;torkildl@xps: ~/Downloads/bACEian[01;32mtorkildl@xps[00m:[01;34m~/Downloads/bACEian[00m$ git push oriin[K[Kgin master
Username for 'https://github.com': torkildl
Password for 'https://torkildl@github.com': 
remote: Invalid username or password.
fatal: Authentication failed for 'https://github.com/torkildl/bACEian.git/'
]0;/home/torkildl/Downloads/bACEian]0;torkildl@xps: ~/Downloads/bACEian[01;32mtorkildl@xps[00m:[01;34m~/Downloads/bACEian[00m$ git push origin master
Username for 'https://github.com': torkildl
Password for 'https://torkildl@github.com': 
Counting objects: 14, done.
Delta compression using up to 8 threads.
Compressing objects:   8% (1/12)   Compressing objects:  16% (2/12)   Compressing objects:  25% (3/12)   Compressing objects:  33% (4/12)   Compressing objects:  41% (5/12)   Compressing objects:  50% (6/12)   Compressing objects:  58% (7/12)   Compressing objects:  66% (8/12)   Compressing objects:  75% (9/12)   Compressing objects:  83% (10/12)   Compressing objects:  91% (11/12)   Compressing objects: 100% (12/12)   Compressing objects: 100% (12/12), done.
Writing objects:   7% (1/14)   Writing objects:  14% (2/14)   Writing objects:  21% (3/14)   Writing objects:  28% (4/14)   Writing objects:  35% (5/14)   Writing objects:  42% (6/14)   Writing objects:  50% (7/14)   Writing objects:  57% (8/14)   Writing objects:  64% (9/14)   Writing objects:  71% (10/14)   Writing objects:  78% (11/14)   Writing objects:  85% (12/14)   Writing objects:  92% (13/14)   Writing objects: 100% (14/14)   Writing objects: 100% (14/14), 600.27 KiB | 5.66 MiB/s, done.
Total 14 (delta 5), reused 0 (delta 0)
remote: Resolving deltas:   0% (0/5)   [Kremote: Resolving deltas:  20% (1/5)   [Kremote: Resolving deltas:  40% (2/5)   [Kremote: Resolving deltas:  60% (3/5)   [Kremote: Resolving deltas:  80% (4/5)   [Kremote: Resolving deltas: 100% (5/5)   [Kremote: Resolving deltas: 100% (5/5), completed with 5 local objects.[K
To https://github.com/torkildl/bACEian.git
   5540869..92011c8  master -> master
git ad .[K[Kd .
]0;/home/torkildl/Dropbox/Prosjekter/OPENFLUX/Projects/bACEian]0;torkildl@xps: ~/Dropbox/Prosjekter/OPENFLUX/Projects/bACEian[01;32mtorkildl@xps[00m:[01;34m~/Dropbox/Prosjekter/OPENFLUX/Projects/bACEian[00m$ git commit -m "Added [K[K[K[K[K[KBerkeley workshop" [K[K materialS"[K[Ks"
[master fc5b3b4] Berkeley workshop materials
 28 files changed, 1811 insertions(+), 34 deletions(-)
 rewrite .Rproj.user/F40D7C60/console06/INDEX001 (85%)
 rewrite .Rproj.user/shared/notebooks/paths (84%)
 create mode 100644 afit.RData
 create mode 100644 ctd80.png
 create mode 100644 diagnosticsMCMC.pdf
 create mode 100644 draws10000.RData
 create mode 100644 draws20000.RData
 create mode 100644 libs/remark-css-0.0.1/metropolis.css
 create mode 100644 libs/remark-css/metropolis.css
 create mode 100644 mcmc_slides2-diagnostics.pdf
 create mode 100644 presentation-berkeley.Rmd
 create mode 100644 presentation-berkeley.html
 create mode 100644 presentation-berkeley_files/figure-html/acf-1.png
 create mode 100644 presentation-berkeley_files/figure-html/cars-1.svg
 create mode 100644 presentation-berkeley_files/figure-html/unnamed-chunk-10-1.png
 create mode 100644 presentation-berkeley_files/figure-html/unnamed-chunk-11-1.png
 create mode 100644 presentation-berkeley_files/figure-html/unnamed-chunk-12-1.png
 create mode 100644 presentation-berkeley_files/figure-html/unnamed-chunk-13-1.png
 create mode 100644 presentation-berkeley_files/figure-html/unnamed-chunk-9-1.png
 create mode 100644 rogeberg-model.png
 create mode 100644 sneak-peek.png
]0;/home/torkildl/Dropbox/Prosjekter/OPENFLUX/Projects/bACEian]0;torkildl@xps: ~/Dropbox/Prosjekter/OPENFLUX/Projects/bACEian[01;32mtorkildl@xps[00m:[01;34m~/Dropbox/Prosjekter/OPENFLUX/Projects/bACEian[00m$ git push origin master
Username for 'https://github.com': torkildl
Password for 'https://torkildl@github.com': 
Counting objects: 40, done.
Delta compression using up to 8 threads.
Compressing objects:   2% (1/36)   Compressing objects:   5% (2/36)   Compressing objects:   8% (3/36)   Compressing objects:  11% (4/36)   Compressing objects:  13% (5/36)   Compressing objects:  16% (6/36)   Compressing objects:  19% (7/36)   Compressing objects:  22% (8/36)   Compressing objects:  25% (9/36)   Compressing objects:  27% (10/36)   Compressing objects:  30% (11/36)   Compressing objects:  33% (12/36)   Compressing objects:  36% (13/36)   Compressing objects:  38% (14/36)   Compressing objects:  41% (15/36)   Compressing objects:  44% (16/36)   Compressing objects:  47% (17/36)   Compressing objects:  50% (18/36)   Compressing objects:  52% (19/36)   Compressing objects:  55% (20/36)   Compressing objects:  58% (21/36)   Compressing objects:  61% (22/36)   Compressing objects:  63% (23/36)   Compressing objects:  66% (24/36)   Compressing objects:  69% (25/36)   Compressing objects:  72% (26/36)   Compressing objects:  75% (27/36)   Compressing objects:  77% (28/36)   Compressing objects:  80% (29/36)   Compressing objects:  83% (30/36)   Compressing objects:  86% (31/36)   Compressing objects:  88% (32/36)   Compressing objects:  91% (33/36)   Compressing objects:  94% (34/36)   Compressing objects:  97% (35/36)   Compressing objects: 100% (36/36)   Compressing objects: 100% (36/36), done.
Writing objects:   2% (1/40)   Writing objects:   5% (2/40)   Writing objects:   7% (3/40)   Writing objects:  10% (4/40)   Writing objects:  12% (5/40)   Writing objects:  15% (6/40)   Writing objects:  17% (7/40)   Writing objects:  20% (8/40)   Writing objects:  22% (9/40)   Writing objects:  25% (10/40)   Writing objects:  27% (11/40)   Writing objects:  30% (12/40)   Writing objects:  32% (13/40)   Writing objects:  35% (14/40)   Writing objects:  37% (15/40)   Writing objects:  40% (16/40)   Writing objects:  42% (17/40)   Writing objects:  42% (17/40), 2.23 MiB | 2.10 MiB/s   Writing objects:  42% (17/40), 4.48 MiB | 2.16 MiB/s   Writing objects:  42% (17/40), 6.73 MiB | 2.16 MiB/s   Writing objects:  45% (18/40), 7.86 MiB | 2.17 MiB/s   Writing objects:  47% (19/40), 7.86 MiB | 2.17 MiB/s   Writing objects:  47% (19/40), 10.22 MiB | 2.18 MiB/s   Writing objects:  47% (19/40), 12.29 MiB | 2.17 MiB/s   Writing objects:  50% (20/40), 12.29 MiB | 2.17 MiB/s   Writing objects:  50% (20/40), 14.08 MiB | 2.06 MiB/s   Writing objects:  50% (20/40), 16.27 MiB | 2.05 MiB/s   Writing objects:  50% (20/40), 18.64 MiB | 2.15 MiB/s   Writing objects:  50% (20/40), 20.95 MiB | 2.07 MiB/s   Writing objects:  50% (20/40), 23.20 MiB | 2.29 MiB/s   Writing objects:  52% (21/40), 23.20 MiB | 2.29 MiB/s   Writing objects:  52% (21/40), 23.77 MiB | 1.92 MiB/s   Writing objects:  52% (21/40), 26.42 MiB | 2.00 MiB/s   Writing objects:  52% (21/40), 28.80 MiB | 1.98 MiB/s   Writing objects:  52% (21/40), 30.91 MiB | 1.94 MiB/s   Writing objects:  52% (21/40), 32.72 MiB | 1.85 MiB/s   Writing objects:  52% (21/40), 34.66 MiB | 1.98 MiB/s   Writing objects:  52% (21/40), 36.41 MiB | 1.86 MiB/s   Writing objects:  52% (21/40), 38.28 MiB | 1.80 MiB/s   Writing objects:  55% (22/40), 39.16 MiB | 1.76 MiB/s   Writing objects:  57% (23/40), 39.16 MiB | 1.76 MiB/s   Writing objects:  60% (24/40), 39.16 MiB | 1.76 MiB/s   Writing objects:  62% (25/40), 39.16 MiB | 1.76 MiB/s   Writing objects:  65% (26/40), 39.16 MiB | 1.76 MiB/s   Writing objects:  67% (27/40), 39.16 MiB | 1.76 MiB/s   Writing objects:  70% (28/40), 39.16 MiB | 1.76 MiB/s   Writing objects:  72% (29/40), 39.16 MiB | 1.76 MiB/s   Writing objects:  75% (30/40), 39.16 MiB | 1.76 MiB/s   Writing objects:  77% (31/40), 39.16 MiB | 1.76 MiB/s   Writing objects:  80% (32/40), 39.16 MiB | 1.76 MiB/s   Writing objects:  82% (33/40), 39.16 MiB | 1.76 MiB/s   Writing objects:  85% (34/40), 39.16 MiB | 1.76 MiB/s   Writing objects:  87% (35/40), 39.16 MiB | 1.76 MiB/s   Writing objects:  90% (36/40), 39.16 MiB | 1.76 MiB/s   Writing objects:  92% (37/40), 39.16 MiB | 1.76 MiB/s   Writing objects:  95% (38/40), 39.16 MiB | 1.76 MiB/s   Writing objects:  97% (39/40), 39.16 MiB | 1.76 MiB/s   Writing objects: 100% (40/40), 40.01 MiB | 1.75 MiB/s   Writing objects: 100% (40/40), 40.20 MiB | 1.96 MiB/s, done.
Total 40 (delta 7), reused 0 (delta 0)
remote: Resolving deltas:   0% (0/7)   [Kremote: Resolving deltas:  14% (1/7)   [Kremote: Resolving deltas:  28% (2/7)   [Kremote: Resolving deltas:  42% (3/7)   [Kremote: Resolving deltas:  57% (4/7)   [Kremote: Resolving deltas:  71% (5/7)   [Kremote: Resolving deltas:  85% (6/7)   [Kremote: Resolving deltas: 100% (7/7)   [Kremote: Resolving deltas: 100% (7/7), completed with 7 local objects.[K
To https://github.com/torkildl/bACEian.git
   cc70a03..fc5b3b4  master -> master
]0;/home/torkildl/Dropbox/Prosjekter/OPENFLUX/Projects/bACEian]0;torkildl@xps: ~/Dropbox/Prosjekter/OPENFLUX/Projects/bACEian[01;32mtorkildl@xps[00m:[01;34m~/Dropbox/Prosjekter/OPENFLUX/Projects/bACEian[00m$ vi .gitignore 
[?2004h[23;0;0t]0;/home/torkildl/Dropbox/Prosjekter/OPENFLUX/Projects/bACEian]0;torkildl@xps: ~/Dropbox/Prosjekter/OPENFLUX/Projects/bACEian[01;32mtorkildl@xps[00m:[01;34m~/Dropbox/Prosjekter/OPENFLUX/Projects/bACEian[00m$ mkdir ignore
]0;/home/torkildl/Dropbox/Prosjekter/OPENFLUX/Projects/bACEian]0;torkildl@xps: ~/Dropbox/Prosjekter/OPENFLUX/Projects/bACEian[01;32mtorkildl@xps[00m:[01;34m~/Dropbox/Prosjekter/OPENFLUX/Projects/bACEian[00m$ vi ig[K[Kmkdir ignorevi .gitignore 
[?2004h[23;0;0t]0;/home/torkildl/Dropbox/Prosjekter/OPENFLUX/Projects/bACEian]0;torkildl@xps: ~/Dropbox/Prosjekter/OPENFLUX/Projects/bACEian[01;32mtorkildl@xps[00m:[01;34m~/Dropbox/Prosjekter/OPENFLUX/Projects/bACEian[00m$ mc [Kv [K[K[Kv mcmc_slides2-diagnostics.pdf diagnosticsMCMC.pdf ignore/
]0;/home/torkildl/Dropbox/Prosjekter/OPENFLUX/Projects/bACEian]0;torkildl@xps: ~/Dropbox/Prosjekter/OPENFLUX/Projects/bACEian[01;32mtorkildl@xps[00m:[01;34m~/Dropbox/Prosjekter/OPENFLUX/Projects/bACEian[00m$ ls -l
total 49348
-rw-rw-r-- 1 torkildl torkildl  8965882 mars  12 16:19 afit.RData
-rw-rw-r-- 1 torkildl torkildl      205 mars  15 09:25 bACEian.Rproj
-rw-rw-r-- 1 torkildl torkildl   223925 mars  12 14:17 [0m[01;35mctd80.png[0m
-rw-rw-r-- 1 torkildl torkildl 11753178 mars  14 11:34 draws10000.RData
-rw-rw-r-- 1 torkildl torkildl 16367282 mars  14 16:16 draws20000.RData
drwxrwxr-x 2 torkildl torkildl     4096 mars  15 09:27 [01;34mignore[0m
drwxrwxr-x 4 torkildl torkildl     4096 mars  14 22:39 [01;34mlibs[0m
-rw-rw-r-- 1 torkildl torkildl 12725402 mars  12 16:13 mixed-ace-dirichlet.rds
-rw-rw-r-- 1 torkildl torkildl     2460 mars  12 16:10 mixed-ace-dirichlet.stan
-rw-rw-r-- 1 torkildl torkildl     1414 feb.  22 10:04 mixed-ace-eilertsen.stan
-rw-rw-r-- 1 torkildl torkildl     2797 feb.  20 16:35 mixed-ace-multinomial.stan
drwxrwxr-x 3 torkildl torkildl     4096 mars  12 13:26 [01;34mpresentation-berkeley_files[0m
-rw-rw-r-- 1 torkildl torkildl    15305 mars  14 22:39 presentation-berkeley.html
-rw-rw-r-- 1 torkildl torkildl    10503 mars  14 22:39 presentation-berkeley.Rmd
-rw-rw-r-- 1 torkildl torkildl      852 mars   4 11:06 README.md
-rw-rw-r-- 1 torkildl torkildl    34010 mars  14 15:02 [01;35mrogeberg-model.png[0m
-rw-rw-r-- 1 torkildl torkildl     5032 mars  12 16:28 rogeberg.R
-rw-rw-r-- 1 torkildl torkildl    88974 jan.  11 15:55 simtwins.csv
-rw-rw-r-- 1 torkildl torkildl   213159 mars  14 16:13 [01;35msneak-peek.png[0m
]0;/home/torkildl/Dropbox/Prosjekter/OPENFLUX/Projects/bACEian]0;torkildl@xps: ~/Dropbox/Prosjekter/OPENFLUX/Projects/bACEian[01;32mtorkildl@xps[00m:[01;34m~/Dropbox/Prosjekter/OPENFLUX/Projects/bACEian[00m$ ls libs
[0m[01;34mremark-css[0m  [01;34mremark-css-0.0.1[0m
]0;/home/torkildl/Dropbox/Prosjekter/OPENFLUX/Projects/bACEian]0;torkildl@xps: ~/Dropbox/Prosjekter/OPENFLUX/Projects/bACEian[01;32mtorkildl@xps[00m:[01;34m~/Dropbox/Prosjekter/OPENFLUX/Projects/bACEian[00m$ rm afit.RData [K[K[K[K[K[K[K[K[K[K[K[K[K[Krm mixed-ace-[K[K[K[K[K[K[K[K[K[K[K[K[Kgit add .